// Vitest Snapshot v1, https://vitest.dev/guide/snapshot.html

exports[`score integrity (golden record) > shipped player totals are unchanged for every gameweek 1`] = `
{
  "GW1": {
    "Alex Riesterer": 98,
    "Arzan": 94,
    "Blake": 90,
    "Bobby (PL)": 98,
    "Brad McGhee": 116,
    "Connor Lance": 104,
    "Emmett": 90,
    "James Nutter": 98,
    "John Nickodemus": 98,
    "Johnny Mancini": 80,
    "Josh": 92,
    "Kurt R": 98,
    "Laeka": 86,
    "Logan Whalley": 98,
    "Max (PL)": 100,
    "Nick C": 88,
    "Noah": 98,
    "Owen Curran": 92,
    "Reed Widdoes": 104,
    "Ryan Conlon": 96,
    "Ryan Robinson": 90,
    "Thomas Vickery": 96,
    "William Brenninkmeyer": 96,
    "Yeas": 114,
  },
  "GW10": {
    "Alex Riesterer": 82,
    "Arzan": 76,
    "Blake": 70,
    "Bobby (PL)": 76,
    "Brad McGhee": 80,
    "Connor Lance": 68,
    "Emmett": 70,
    "James Nutter": 74,
    "John Nickodemus": 86,
    "Johnny Mancini": 68,
    "Josh": 86,
    "Kurt R": 74,
    "Laeka": 72,
    "Logan Whalley": 90,
    "Max (PL)": 76,
    "Nick C": 76,
    "Noah": 78,
    "Owen Curran": 90,
    "Reed Widdoes": 64,
    "Ryan Conlon": 72,
    "Ryan Robinson": 74,
    "Thomas Vickery": 84,
    "William Brenninkmeyer": 64,
    "Yeas": 76,
  },
  "GW11": {
    "Alex Riesterer": 76,
    "Arzan": 70,
    "Blake": 64,
    "Bobby (PL)": 70,
    "Brad McGhee": 72,
    "Connor Lance": 62,
    "Emmett": 68,
    "James Nutter": 68,
    "John Nickodemus": 82,
    "Johnny Mancini": 70,
    "Josh": 82,
    "Kurt R": 70,
    "Laeka": 70,
    "Logan Whalley": 86,
    "Max (PL)": 72,
    "Nick C": 72,
    "Noah": 74,
    "Owen Curran": 92,
    "Reed Widdoes": 60,
    "Ryan Conlon": 66,
    "Ryan Robinson": 70,
    "Thomas Vickery": 74,
    "William Brenninkmeyer": 56,
    "Yeas": 70,
  },
  "GW12": {
    "Alex Riesterer": 70,
    "Arzan": 66,
    "Blake": 74,
    "Bobby (PL)": 76,
    "Brad McGhee": 78,
    "Connor Lance": 72,
    "Emmett": 70,
    "James Nutter": 78,
    "John Nickodemus": 70,
    "Johnny Mancini": 76,
    "Josh": 90,
    "Kurt R": 60,
    "Laeka": 78,
    "Logan Whalley": 74,
    "Max (PL)": 72,
    "Nick C": 82,
    "Noah": 72,
    "Owen Curran": 100,
    "Reed Widdoes": 66,
    "Ryan Conlon": 66,
    "Ryan Robinson": 76,
    "Thomas Vickery": 82,
    "William Brenninkmeyer": 64,
    "Yeas": 68,
  },
  "GW13": {
    "Alex Riesterer": 64,
    "Arzan": 64,
    "Blake": 64,
    "Bobby (PL)": 72,
    "Brad McGhee": 70,
    "Connor Lance": 64,
    "Emmett": 64,
    "James Nutter": 70,
    "John Nickodemus": 72,
    "Johnny Mancini": 66,
    "Josh": 82,
    "Kurt R": 60,
    "Laeka": 72,
    "Logan Whalley": 68,
    "Max (PL)": 68,
    "Nick C": 74,
    "Noah": 62,
    "Owen Curran": 88,
    "Reed Widdoes": 60,
    "Ryan Conlon": 62,
    "Ryan Robinson": 68,
    "Thomas Vickery": 76,
    "William Brenninkmeyer": 60,
    "Yeas": 56,
  },
  "GW14": {
    "Alex Riesterer": 64,
    "Arzan": 58,
    "Blake": 68,
    "Bobby (PL)": 68,
    "Brad McGhee": 80,
    "Connor Lance": 72,
    "Emmett": 70,
    "James Nutter": 78,
    "John Nickodemus": 68,
    "Johnny Mancini": 68,
    "Josh": 86,
    "Kurt R": 68,
    "Laeka": 68,
    "Logan Whalley": 60,
    "Max (PL)": 64,
    "Nick C": 72,
    "Noah": 64,
    "Owen Curran": 86,
    "Reed Widdoes": 66,
    "Ryan Conlon": 66,
    "Ryan Robinson": 72,
    "Thomas Vickery": 72,
    "William Brenninkmeyer": 62,
    "Yeas": 66,
  },
  "GW15": {
    "Alex Riesterer": 64,
    "Arzan": 66,
    "Blake": 68,
    "Bobby (PL)": 72,
    "Brad McGhee": 82,
    "Connor Lance": 72,
    "Emmett": 76,
    "James Nutter": 80,
    "John Nickodemus": 74,
    "Johnny Mancini": 74,
    "Josh": 90,
    "Kurt R": 74,
    "Laeka": 68,
    "Logan Whalley": 64,
    "Max (PL)": 68,
    "Nick C": 74,
    "Noah": 66,
    "Owen Curran": 88,
    "Reed Widdoes": 72,
    "Ryan Conlon": 66,
    "Ryan Robinson": 72,
    "Thomas Vickery": 70,
    "William Brenninkmeyer": 64,
    "Yeas": 70,
  },
  "GW16": {
    "Alex Riesterer": 56,
    "Arzan": 60,
    "Blake": 56,
    "Bobby (PL)": 62,
    "Brad McGhee": 74,
    "Connor Lance": 62,
    "Emmett": 70,
    "James Nutter": 70,
    "John Nickodemus": 68,
    "Johnny Mancini": 66,
    "Josh": 78,
    "Kurt R": 66,
    "Laeka": 58,
    "Logan Whalley": 56,
    "Max (PL)": 56,
    "Nick C": 62,
    "Noah": 58,
    "Owen Curran": 82,
    "Reed Widdoes": 64,
    "Ryan Conlon": 58,
    "Ryan Robinson": 66,
    "Thomas Vickery": 62,
    "William Brenninkmeyer": 56,
    "Yeas": 60,
  },
  "GW17": {
    "Alex Riesterer": 62,
    "Arzan": 56,
    "Blake": 64,
    "Bobby (PL)": 68,
    "Brad McGhee": 76,
    "Connor Lance": 70,
    "Emmett": 70,
    "James Nutter": 72,
    "John Nickodemus": 68,
    "Johnny Mancini": 68,
    "Josh": 82,
    "Kurt R": 70,
    "Laeka": 64,
    "Logan Whalley": 54,
    "Max (PL)": 60,
    "Nick C": 64,
    "Noah": 60,
    "Owen Curran": 78,
    "Reed Widdoes": 66,
    "Ryan Conlon": 64,
    "Ryan Robinson": 72,
    "Thomas Vickery": 64,
    "William Brenninkmeyer": 62,
    "Yeas": 62,
  },
  "GW18": {
    "Alex Riesterer": 70,
    "Arzan": 68,
    "Blake": 68,
    "Bobby (PL)": 72,
    "Brad McGhee": 70,
    "Connor Lance": 72,
    "Emmett": 78,
    "James Nutter": 68,
    "John Nickodemus": 72,
    "Johnny Mancini": 70,
    "Josh": 76,
    "Kurt R": 78,
    "Laeka": 72,
    "Logan Whalley": 68,
    "Max (PL)": 56,
    "Nick C": 66,
    "Noah": 66,
    "Owen Curran": 86,
    "Reed Widdoes": 72,
    "Ryan Conlon": 70,
    "Ryan Robinson": 78,
    "Thomas Vickery": 60,
    "William Brenninkmeyer": 62,
    "Yeas": 64,
  },
  "GW19": {
    "Alex Riesterer": 70,
    "Arzan": 66,
    "Blake": 70,
    "Bobby (PL)": 72,
    "Brad McGhee": 72,
    "Connor Lance": 74,
    "Emmett": 80,
    "James Nutter": 68,
    "John Nickodemus": 74,
    "Johnny Mancini": 74,
    "Josh": 78,
    "Kurt R": 82,
    "Laeka": 72,
    "Logan Whalley": 68,
    "Max (PL)": 62,
    "Nick C": 70,
    "Noah": 68,
    "Owen Curran": 86,
    "Reed Widdoes": 76,
    "Ryan Conlon": 72,
    "Ryan Robinson": 80,
    "Thomas Vickery": 54,
    "William Brenninkmeyer": 64,
    "Yeas": 66,
  },
  "GW2": {
    "Alex Riesterer": 106,
    "Arzan": 108,
    "Blake": 102,
    "Bobby (PL)": 106,
    "Brad McGhee": 96,
    "Connor Lance": 110,
    "Emmett": 100,
    "James Nutter": 86,
    "John Nickodemus": 114,
    "Johnny Mancini": 106,
    "Josh": 108,
    "Kurt R": 104,
    "Laeka": 102,
    "Logan Whalley": 122,
    "Max (PL)": 112,
    "Nick C": 106,
    "Noah": 116,
    "Owen Curran": 104,
    "Reed Widdoes": 108,
    "Ryan Conlon": 102,
    "Ryan Robinson": 106,
    "Thomas Vickery": 104,
    "William Brenninkmeyer": 94,
    "Yeas": 104,
  },
  "GW20": {
    "Alex Riesterer": 60,
    "Arzan": 62,
    "Blake": 60,
    "Bobby (PL)": 72,
    "Brad McGhee": 64,
    "Connor Lance": 66,
    "Emmett": 70,
    "James Nutter": 62,
    "John Nickodemus": 70,
    "Johnny Mancini": 66,
    "Josh": 78,
    "Kurt R": 76,
    "Laeka": 64,
    "Logan Whalley": 64,
    "Max (PL)": 62,
    "Nick C": 68,
    "Noah": 62,
    "Owen Curran": 78,
    "Reed Widdoes": 70,
    "Ryan Conlon": 60,
    "Ryan Robinson": 68,
    "Thomas Vickery": 62,
    "William Brenninkmeyer": 66,
    "Yeas": 66,
  },
  "GW21": {
    "Alex Riesterer": 66,
    "Arzan": 64,
    "Blake": 68,
    "Bobby (PL)": 72,
    "Brad McGhee": 70,
    "Connor Lance": 72,
    "Emmett": 72,
    "James Nutter": 68,
    "John Nickodemus": 68,
    "Johnny Mancini": 66,
    "Josh": 76,
    "Kurt R": 80,
    "Laeka": 70,
    "Logan Whalley": 72,
    "Max (PL)": 58,
    "Nick C": 76,
    "Noah": 68,
    "Owen Curran": 76,
    "Reed Widdoes": 72,
    "Ryan Conlon": 70,
    "Ryan Robinson": 78,
    "Thomas Vickery": 68,
    "William Brenninkmeyer": 74,
    "Yeas": 70,
  },
  "GW22": {
    "Alex Riesterer": 62,
    "Arzan": 62,
    "Blake": 64,
    "Bobby (PL)": 70,
    "Brad McGhee": 64,
    "Connor Lance": 68,
    "Emmett": 74,
    "James Nutter": 60,
    "John Nickodemus": 72,
    "Johnny Mancini": 70,
    "Josh": 78,
    "Kurt R": 80,
    "Laeka": 64,
    "Logan Whalley": 68,
    "Max (PL)": 62,
    "Nick C": 70,
    "Noah": 66,
    "Owen Curran": 80,
    "Reed Widdoes": 74,
    "Ryan Conlon": 66,
    "Ryan Robinson": 72,
    "Thomas Vickery": 58,
    "William Brenninkmeyer": 68,
    "Yeas": 66,
  },
  "GW23": {
    "Alex Riesterer": 66,
    "Arzan": 70,
    "Blake": 68,
    "Bobby (PL)": 74,
    "Brad McGhee": 64,
    "Connor Lance": 72,
    "Emmett": 78,
    "James Nutter": 60,
    "John Nickodemus": 70,
    "Johnny Mancini": 72,
    "Josh": 80,
    "Kurt R": 84,
    "Laeka": 68,
    "Logan Whalley": 74,
    "Max (PL)": 58,
    "Nick C": 76,
    "Noah": 72,
    "Owen Curran": 90,
    "Reed Widdoes": 78,
    "Ryan Conlon": 68,
    "Ryan Robinson": 74,
    "Thomas Vickery": 62,
    "William Brenninkmeyer": 70,
    "Yeas": 70,
  },
  "GW24": {
    "Alex Riesterer": 70,
    "Arzan": 76,
    "Blake": 72,
    "Bobby (PL)": 80,
    "Brad McGhee": 66,
    "Connor Lance": 76,
    "Emmett": 82,
    "James Nutter": 62,
    "John Nickodemus": 78,
    "Johnny Mancini": 78,
    "Josh": 82,
    "Kurt R": 88,
    "Laeka": 74,
    "Logan Whalley": 78,
    "Max (PL)": 64,
    "Nick C": 80,
    "Noah": 78,
    "Owen Curran": 96,
    "Reed Widdoes": 82,
    "Ryan Conlon": 72,
    "Ryan Robinson": 78,
    "Thomas Vickery": 66,
    "William Brenninkmeyer": 72,
    "Yeas": 72,
  },
  "GW25": {
    "Alex Riesterer": 72,
    "Arzan": 78,
    "Blake": 72,
    "Bobby (PL)": 82,
    "Brad McGhee": 70,
    "Connor Lance": 76,
    "Emmett": 82,
    "James Nutter": 68,
    "John Nickodemus": 82,
    "Johnny Mancini": 80,
    "Josh": 82,
    "Kurt R": 88,
    "Laeka": 76,
    "Logan Whalley": 80,
    "Max (PL)": 66,
    "Nick C": 82,
    "Noah": 80,
    "Owen Curran": 98,
    "Reed Widdoes": 84,
    "Ryan Conlon": 72,
    "Ryan Robinson": 78,
    "Thomas Vickery": 62,
    "William Brenninkmeyer": 70,
    "Yeas": 72,
  },
  "GW26": {
    "Alex Riesterer": 70,
    "Arzan": 76,
    "Blake": 70,
    "Bobby (PL)": 80,
    "Brad McGhee": 64,
    "Connor Lance": 70,
    "Emmett": 80,
    "James Nutter": 66,
    "John Nickodemus": 84,
    "Johnny Mancini": 82,
    "Josh": 84,
    "Kurt R": 84,
    "Laeka": 74,
    "Logan Whalley": 78,
    "Max (PL)": 68,
    "Nick C": 80,
    "Noah": 78,
    "Owen Curran": 94,
    "Reed Widdoes": 82,
    "Ryan Conlon": 68,
    "Ryan Robinson": 76,
    "Thomas Vickery": 64,
    "William Brenninkmeyer": 68,
    "Yeas": 68,
  },
  "GW27": {
    "Alex Riesterer": 72,
    "Arzan": 78,
    "Blake": 72,
    "Bobby (PL)": 82,
    "Brad McGhee": 64,
    "Connor Lance": 72,
    "Emmett": 82,
    "James Nutter": 68,
    "John Nickodemus": 82,
    "Johnny Mancini": 80,
    "Josh": 82,
    "Kurt R": 86,
    "Laeka": 76,
    "Logan Whalley": 80,
    "Max (PL)": 66,
    "Nick C": 82,
    "Noah": 80,
    "Owen Curran": 96,
    "Reed Widdoes": 84,
    "Ryan Conlon": 70,
    "Ryan Robinson": 78,
    "Thomas Vickery": 64,
    "William Brenninkmeyer": 70,
    "Yeas": 70,
  },
  "GW28": {
    "Alex Riesterer": 72,
    "Arzan": 78,
    "Blake": 72,
    "Bobby (PL)": 84,
    "Brad McGhee": 70,
    "Connor Lance": 74,
    "Emmett": 82,
    "James Nutter": 70,
    "John Nickodemus": 80,
    "Johnny Mancini": 80,
    "Josh": 88,
    "Kurt R": 86,
    "Laeka": 76,
    "Logan Whalley": 80,
    "Max (PL)": 68,
    "Nick C": 82,
    "Noah": 80,
    "Owen Curran": 94,
    "Reed Widdoes": 84,
    "Ryan Conlon": 70,
    "Ryan Robinson": 78,
    "Thomas Vickery": 68,
    "William Brenninkmeyer": 76,
    "Yeas": 74,
  },
  "GW29": {
    "Alex Riesterer": 74,
    "Arzan": 80,
    "Blake": 74,
    "Bobby (PL)": 84,
    "Brad McGhee": 68,
    "Connor Lance": 74,
    "Emmett": 84,
    "James Nutter": 70,
    "John Nickodemus": 84,
    "Johnny Mancini": 82,
    "Josh": 84,
    "Kurt R": 88,
    "Laeka": 78,
    "Logan Whalley": 82,
    "Max (PL)": 68,
    "Nick C": 84,
    "Noah": 82,
    "Owen Curran": 98,
    "Reed Widdoes": 86,
    "Ryan Conlon": 72,
    "Ryan Robinson": 80,
    "Thomas Vickery": 64,
    "William Brenninkmeyer": 72,
    "Yeas": 72,
  },
  "GW3": {
    "Alex Riesterer": 100,
    "Arzan": 96,
    "Blake": 92,
    "Bobby (PL)": 92,
    "Brad McGhee": 94,
    "Connor Lance": 104,
    "Emmett": 96,
    "James Nutter": 92,
    "John Nickodemus": 116,
    "Johnny Mancini": 94,
    "Josh": 106,
    "Kurt R": 92,
    "Laeka": 92,
    "Logan Whalley": 106,
    "Max (PL)": 108,
    "Nick C": 94,
    "Noah": 104,
    "Owen Curran": 110,
    "Reed Widdoes": 96,
    "Ryan Conlon": 94,
    "Ryan Robinson": 96,
    "Thomas Vickery": 102,
    "William Brenninkmeyer": 86,
    "Yeas": 98,
  },
  "GW30": {
    "Alex Riesterer": 66,
    "Arzan": 72,
    "Blake": 66,
    "Bobby (PL)": 76,
    "Brad McGhee": 62,
    "Connor Lance": 68,
    "Emmett": 76,
    "James Nutter": 62,
    "John Nickodemus": 78,
    "Johnny Mancini": 76,
    "Josh": 82,
    "Kurt R": 80,
    "Laeka": 70,
    "Logan Whalley": 76,
    "Max (PL)": 64,
    "Nick C": 78,
    "Noah": 74,
    "Owen Curran": 88,
    "Reed Widdoes": 78,
    "Ryan Conlon": 64,
    "Ryan Robinson": 72,
    "Thomas Vickery": 62,
    "William Brenninkmeyer": 68,
    "Yeas": 66,
  },
  "GW31": {
    "Alex Riesterer": 70,
    "Arzan": 72,
    "Blake": 72,
    "Bobby (PL)": 82,
    "Brad McGhee": 76,
    "Connor Lance": 78,
    "Emmett": 82,
    "James Nutter": 72,
    "John Nickodemus": 76,
    "Johnny Mancini": 76,
    "Josh": 88,
    "Kurt R": 88,
    "Laeka": 72,
    "Logan Whalley": 74,
    "Max (PL)": 70,
    "Nick C": 78,
    "Noah": 74,
    "Owen Curran": 88,
    "Reed Widdoes": 82,
    "Ryan Conlon": 72,
    "Ryan Robinson": 78,
    "Thomas Vickery": 64,
    "William Brenninkmeyer": 78,
    "Yeas": 78,
  },
  "GW32": {
    "Alex Riesterer": 68,
    "Arzan": 74,
    "Blake": 70,
    "Bobby (PL)": 84,
    "Brad McGhee": 74,
    "Connor Lance": 76,
    "Emmett": 78,
    "James Nutter": 72,
    "John Nickodemus": 82,
    "Johnny Mancini": 80,
    "Josh": 92,
    "Kurt R": 84,
    "Laeka": 72,
    "Logan Whalley": 76,
    "Max (PL)": 76,
    "Nick C": 82,
    "Noah": 76,
    "Owen Curran": 90,
    "Reed Widdoes": 82,
    "Ryan Conlon": 68,
    "Ryan Robinson": 74,
    "Thomas Vickery": 72,
    "William Brenninkmeyer": 76,
    "Yeas": 76,
  },
  "GW33": {
    "Alex Riesterer": 68,
    "Arzan": 74,
    "Blake": 70,
    "Bobby (PL)": 84,
    "Brad McGhee": 68,
    "Connor Lance": 74,
    "Emmett": 78,
    "James Nutter": 72,
    "John Nickodemus": 82,
    "Johnny Mancini": 80,
    "Josh": 92,
    "Kurt R": 82,
    "Laeka": 70,
    "Logan Whalley": 76,
    "Max (PL)": 74,
    "Nick C": 82,
    "Noah": 76,
    "Owen Curran": 90,
    "Reed Widdoes": 84,
    "Ryan Conlon": 66,
    "Ryan Robinson": 72,
    "Thomas Vickery": 74,
    "William Brenninkmeyer": 74,
    "Yeas": 74,
  },
  "GW34": {
    "Alex Riesterer": 68,
    "Arzan": 76,
    "Blake": 72,
    "Bobby (PL)": 86,
    "Brad McGhee": 70,
    "Connor Lance": 74,
    "Emmett": 80,
    "James Nutter": 74,
    "John Nickodemus": 76,
    "Johnny Mancini": 74,
    "Josh": 90,
    "Kurt R": 78,
    "Laeka": 74,
    "Logan Whalley": 76,
    "Max (PL)": 74,
    "Nick C": 84,
    "Noah": 76,
    "Owen Curran": 90,
    "Reed Widdoes": 84,
    "Ryan Conlon": 66,
    "Ryan Robinson": 74,
    "Thomas Vickery": 76,
    "William Brenninkmeyer": 78,
    "Yeas": 76,
  },
  "GW35": {
    "Alex Riesterer": 70,
    "Arzan": 76,
    "Blake": 74,
    "Bobby (PL)": 88,
    "Brad McGhee": 70,
    "Connor Lance": 76,
    "Emmett": 82,
    "James Nutter": 74,
    "John Nickodemus": 82,
    "Johnny Mancini": 80,
    "Josh": 94,
    "Kurt R": 84,
    "Laeka": 76,
    "Logan Whalley": 78,
    "Max (PL)": 76,
    "Nick C": 86,
    "Noah": 78,
    "Owen Curran": 92,
    "Reed Widdoes": 86,
    "Ryan Conlon": 68,
    "Ryan Robinson": 76,
    "Thomas Vickery": 78,
    "William Brenninkmeyer": 80,
    "Yeas": 78,
  },
  "GW36": {
    "Alex Riesterer": 72,
    "Arzan": 78,
    "Blake": 76,
    "Bobby (PL)": 90,
    "Brad McGhee": 70,
    "Connor Lance": 78,
    "Emmett": 84,
    "James Nutter": 74,
    "John Nickodemus": 82,
    "Johnny Mancini": 80,
    "Josh": 96,
    "Kurt R": 84,
    "Laeka": 78,
    "Logan Whalley": 80,
    "Max (PL)": 78,
    "Nick C": 88,
    "Noah": 80,
    "Owen Curran": 94,
    "Reed Widdoes": 88,
    "Ryan Conlon": 70,
    "Ryan Robinson": 78,
    "Thomas Vickery": 80,
    "William Brenninkmeyer": 82,
    "Yeas": 80,
  },
  "GW37": {
    "Alex Riesterer": 70,
    "Arzan": 78,
    "Blake": 72,
    "Bobby (PL)": 88,
    "Brad McGhee": 66,
    "Connor Lance": 74,
    "Emmett": 80,
    "James Nutter": 72,
    "John Nickodemus": 84,
    "Johnny Mancini": 80,
    "Josh": 96,
    "Kurt R": 80,
    "Laeka": 76,
    "Logan Whalley": 80,
    "Max (PL)": 78,
    "Nick C": 84,
    "Noah": 76,
    "Owen Curran": 90,
    "Reed Widdoes": 84,
    "Ryan Conlon": 66,
    "Ryan Robinson": 74,
    "Thomas Vickery": 84,
    "William Brenninkmeyer": 78,
    "Yeas": 76,
  },
  "GW38": {
    "Alex Riesterer": 78,
    "Arzan": 86,
    "Blake": 78,
    "Bobby (PL)": 96,
    "Brad McGhee": 74,
    "Connor Lance": 80,
    "Emmett": 86,
    "James Nutter": 80,
    "John Nickodemus": 90,
    "Johnny Mancini": 84,
    "Josh": 98,
    "Kurt R": 88,
    "Laeka": 84,
    "Logan Whalley": 86,
    "Max (PL)": 82,
    "Nick C": 92,
    "Noah": 82,
    "Owen Curran": 96,
    "Reed Widdoes": 90,
    "Ryan Conlon": 74,
    "Ryan Robinson": 82,
    "Thomas Vickery": 88,
    "William Brenninkmeyer": 86,
    "Yeas": 82,
  },
  "GW4": {
    "Alex Riesterer": 96,
    "Arzan": 88,
    "Blake": 90,
    "Bobby (PL)": 90,
    "Brad McGhee": 90,
    "Connor Lance": 96,
    "Emmett": 90,
    "James Nutter": 82,
    "John Nickodemus": 84,
    "Johnny Mancini": 82,
    "Josh": 94,
    "Kurt R": 82,
    "Laeka": 90,
    "Logan Whalley": 102,
    "Max (PL)": 84,
    "Nick C": 90,
    "Noah": 96,
    "Owen Curran": 110,
    "Reed Widdoes": 92,
    "Ryan Conlon": 88,
    "Ryan Robinson": 96,
    "Thomas Vickery": 84,
    "William Brenninkmeyer": 80,
    "Yeas": 88,
  },
  "GW5": {
    "Alex Riesterer": 104,
    "Arzan": 102,
    "Blake": 98,
    "Bobby (PL)": 98,
    "Brad McGhee": 106,
    "Connor Lance": 102,
    "Emmett": 104,
    "James Nutter": 98,
    "John Nickodemus": 96,
    "Johnny Mancini": 90,
    "Josh": 96,
    "Kurt R": 94,
    "Laeka": 98,
    "Logan Whalley": 104,
    "Max (PL)": 84,
    "Nick C": 96,
    "Noah": 106,
    "Owen Curran": 110,
    "Reed Widdoes": 106,
    "Ryan Conlon": 96,
    "Ryan Robinson": 102,
    "Thomas Vickery": 96,
    "William Brenninkmeyer": 88,
    "Yeas": 98,
  },
  "GW6": {
    "Alex Riesterer": 104,
    "Arzan": 96,
    "Blake": 98,
    "Bobby (PL)": 102,
    "Brad McGhee": 106,
    "Connor Lance": 106,
    "Emmett": 98,
    "James Nutter": 98,
    "John Nickodemus": 90,
    "Johnny Mancini": 90,
    "Josh": 108,
    "Kurt R": 90,
    "Laeka": 98,
    "Logan Whalley": 104,
    "Max (PL)": 96,
    "Nick C": 100,
    "Noah": 104,
    "Owen Curran": 114,
    "Reed Widdoes": 102,
    "Ryan Conlon": 96,
    "Ryan Robinson": 104,
    "Thomas Vickery": 100,
    "William Brenninkmeyer": 90,
    "Yeas": 98,
  },
  "GW7": {
    "Alex Riesterer": 82,
    "Arzan": 80,
    "Blake": 76,
    "Bobby (PL)": 76,
    "Brad McGhee": 86,
    "Connor Lance": 78,
    "Emmett": 82,
    "James Nutter": 78,
    "John Nickodemus": 86,
    "Johnny Mancini": 76,
    "Josh": 88,
    "Kurt R": 74,
    "Laeka": 74,
    "Logan Whalley": 86,
    "Max (PL)": 74,
    "Nick C": 78,
    "Noah": 86,
    "Owen Curran": 92,
    "Reed Widdoes": 82,
    "Ryan Conlon": 74,
    "Ryan Robinson": 80,
    "Thomas Vickery": 80,
    "William Brenninkmeyer": 68,
    "Yeas": 78,
  },
  "GW8": {
    "Alex Riesterer": 78,
    "Arzan": 70,
    "Blake": 68,
    "Bobby (PL)": 72,
    "Brad McGhee": 78,
    "Connor Lance": 68,
    "Emmett": 68,
    "James Nutter": 72,
    "John Nickodemus": 80,
    "Johnny Mancini": 68,
    "Josh": 84,
    "Kurt R": 70,
    "Laeka": 68,
    "Logan Whalley": 84,
    "Max (PL)": 68,
    "Nick C": 72,
    "Noah": 78,
    "Owen Curran": 92,
    "Reed Widdoes": 64,
    "Ryan Conlon": 68,
    "Ryan Robinson": 70,
    "Thomas Vickery": 80,
    "William Brenninkmeyer": 58,
    "Yeas": 76,
  },
  "GW9": {
    "Alex Riesterer": 96,
    "Arzan": 96,
    "Blake": 86,
    "Bobby (PL)": 92,
    "Brad McGhee": 82,
    "Connor Lance": 82,
    "Emmett": 90,
    "James Nutter": 80,
    "John Nickodemus": 104,
    "Johnny Mancini": 88,
    "Josh": 100,
    "Kurt R": 92,
    "Laeka": 88,
    "Logan Whalley": 110,
    "Max (PL)": 92,
    "Nick C": 92,
    "Noah": 92,
    "Owen Curran": 102,
    "Reed Widdoes": 82,
    "Ryan Conlon": 86,
    "Ryan Robinson": 90,
    "Thomas Vickery": 94,
    "William Brenninkmeyer": 72,
    "Yeas": 84,
  },
}
`;
